Archive member included because of file (symbol)

.\CortexM0\ARM_GCC_493\Debug\Design01.a(cyfitter_cfg.o)
                              .\CortexM0\ARM_GCC_493\Debug\Cm0Start.o (cyfitter_cfg)
.\CortexM0\ARM_GCC_493\Debug\Design01.a(CyBootAsmGnu.o)
                              .\CortexM0\ARM_GCC_493\Debug\Design01.a(cyfitter_cfg.o) (CyDelayCycles)
.\CortexM0\ARM_GCC_493\Debug\Design01.a(CyLib.o)
                              .\CortexM0\ARM_GCC_493\Debug\Design01.a(cyfitter_cfg.o) (CySysClkWriteImoFreq)
.\CortexM0\ARM_GCC_493\Debug\Design01.a(CyLFClk.o)
                              .\CortexM0\ARM_GCC_493\Debug\Design01.a(cyfitter_cfg.o) (CySysClkWcoStart)
.\CortexM0\ARM_GCC_493\Debug\Design01.a(Pin_LED_Blue.o)
                              .\CortexM0\ARM_GCC_493\Debug\main.o (Pin_LED_Blue_Write)
.\CortexM0\ARM_GCC_493\Debug\Design01.a(Pin_LED_Red.o)
                              .\CortexM0\ARM_GCC_493\Debug\main.o (Pin_LED_Red_Write)
.\CortexM0\ARM_GCC_493\Debug\Design01.a(Pin_LED_Green.o)
                              .\CortexM0\ARM_GCC_493\Debug\main.o (Pin_LED_Green_Write)
z:/program files (x86)/cypress/psoc creator/3.3/psoc creator/import/gnu/arm/4.9.3/bin/../lib/gcc/arm-none-eabi/4.9.3/armv6-m\libgcc.a(_udivsi3.o)
                              .\CortexM0\ARM_GCC_493\Debug\Design01.a(CyLib.o) (__aeabi_uidiv)
z:/program files (x86)/cypress/psoc creator/3.3/psoc creator/import/gnu/arm/4.9.3/bin/../lib/gcc/arm-none-eabi/4.9.3/armv6-m\libgcc.a(_divsi3.o)
                              .\CortexM0\ARM_GCC_493\Debug\Design01.a(CyLFClk.o) (__aeabi_idiv)
z:/program files (x86)/cypress/psoc creator/3.3/psoc creator/import/gnu/arm/4.9.3/bin/../lib/gcc/arm-none-eabi/4.9.3/armv6-m\libgcc.a(_dvmd_tls.o)
                              z:/program files (x86)/cypress/psoc creator/3.3/psoc creator/import/gnu/arm/4.9.3/bin/../lib/gcc/arm-none-eabi/4.9.3/armv6-m\libgcc.a(_udivsi3.o) (__aeabi_idiv0)
z:/program files (x86)/cypress/psoc creator/3.3/psoc creator/import/gnu/arm/4.9.3/bin/../lib/gcc/arm-none-eabi/4.9.3/../../../../arm-none-eabi/lib/armv6-m\libg_nano.a(lib_a-errno.o)
                              .\CortexM0\ARM_GCC_493\Debug\Cm0Start.o (__errno)
z:/program files (x86)/cypress/psoc creator/3.3/psoc creator/import/gnu/arm/4.9.3/bin/../lib/gcc/arm-none-eabi/4.9.3/../../../../arm-none-eabi/lib/armv6-m\libg_nano.a(lib_a-exit.o)
                              z:/program files (x86)/cypress/psoc creator/3.3/psoc creator/import/gnu/arm/4.9.3/bin/../lib/gcc/arm-none-eabi/4.9.3/../../../../arm-none-eabi/lib/armv6-m/crt0.o (exit)
z:/program files (x86)/cypress/psoc creator/3.3/psoc creator/import/gnu/arm/4.9.3/bin/../lib/gcc/arm-none-eabi/4.9.3/../../../../arm-none-eabi/lib/armv6-m\libg_nano.a(lib_a-impure.o)
                              z:/program files (x86)/cypress/psoc creator/3.3/psoc creator/import/gnu/arm/4.9.3/bin/../lib/gcc/arm-none-eabi/4.9.3/../../../../arm-none-eabi/lib/armv6-m\libg_nano.a(lib_a-exit.o) (_global_impure_ptr)
z:/program files (x86)/cypress/psoc creator/3.3/psoc creator/import/gnu/arm/4.9.3/bin/../lib/gcc/arm-none-eabi/4.9.3/../../../../arm-none-eabi/lib/armv6-m\libg_nano.a(lib_a-init.o)
                              z:/program files (x86)/cypress/psoc creator/3.3/psoc creator/import/gnu/arm/4.9.3/bin/../lib/gcc/arm-none-eabi/4.9.3/../../../../arm-none-eabi/lib/armv6-m/crt0.o (__libc_init_array)
z:/program files (x86)/cypress/psoc creator/3.3/psoc creator/import/gnu/arm/4.9.3/bin/../lib/gcc/arm-none-eabi/4.9.3/../../../../arm-none-eabi/lib/armv6-m\libg_nano.a(lib_a-memset.o)
                              z:/program files (x86)/cypress/psoc creator/3.3/psoc creator/import/gnu/arm/4.9.3/bin/../lib/gcc/arm-none-eabi/4.9.3/../../../../arm-none-eabi/lib/armv6-m/crt0.o (memset)

Discarded input sections

 .text          0x00000000        0x0 z:/program files (x86)/cypress/psoc creator/3.3/psoc creator/import/gnu/arm/4.9.3/bin/../lib/gcc/arm-none-eabi/4.9.3/armv6-m/crti.o
 .data          0x00000000        0x0 z:/program files (x86)/cypress/psoc creator/3.3/psoc creator/import/gnu/arm/4.9.3/bin/../lib/gcc/arm-none-eabi/4.9.3/armv6-m/crti.o
 .bss           0x00000000        0x0 z:/program files (x86)/cypress/psoc creator/3.3/psoc creator/import/gnu/arm/4.9.3/bin/../lib/gcc/arm-none-eabi/4.9.3/armv6-m/crti.o
 .data          0x00000000        0x4 z:/program files (x86)/cypress/psoc creator/3.3/psoc creator/import/gnu/arm/4.9.3/bin/../lib/gcc/arm-none-eabi/4.9.3/armv6-m/crtbegin.o
 .text          0x00000000       0x78 z:/program files (x86)/cypress/psoc creator/3.3/psoc creator/import/gnu/arm/4.9.3/bin/../lib/gcc/arm-none-eabi/4.9.3/../../../../arm-none-eabi/lib/armv6-m/crt0.o
 .data          0x00000000        0x0 z:/program files (x86)/cypress/psoc creator/3.3/psoc creator/import/gnu/arm/4.9.3/bin/../lib/gcc/arm-none-eabi/4.9.3/../../../../arm-none-eabi/lib/armv6-m/crt0.o
 .bss           0x00000000        0x0 z:/program files (x86)/cypress/psoc creator/3.3/psoc creator/import/gnu/arm/4.9.3/bin/../lib/gcc/arm-none-eabi/4.9.3/../../../../arm-none-eabi/lib/armv6-m/crt0.o
 .ARM.extab     0x00000000        0x0 z:/program files (x86)/cypress/psoc creator/3.3/psoc creator/import/gnu/arm/4.9.3/bin/../lib/gcc/arm-none-eabi/4.9.3/../../../../arm-none-eabi/lib/armv6-m/crt0.o
 .ARM.exidx     0x00000000        0x8 z:/program files (x86)/cypress/psoc creator/3.3/psoc creator/import/gnu/arm/4.9.3/bin/../lib/gcc/arm-none-eabi/4.9.3/../../../../arm-none-eabi/lib/armv6-m/crt0.o
 .text          0x00000000        0x0 .\CortexM0\ARM_GCC_493\Debug\main.o
 .data          0x00000000        0x0 .\CortexM0\ARM_GCC_493\Debug\main.o
 .bss           0x00000000        0x0 .\CortexM0\ARM_GCC_493\Debug\main.o
 .text          0x00000000        0x0 .\CortexM0\ARM_GCC_493\Debug\cymetadata.o
 .data          0x00000000        0x0 .\CortexM0\ARM_GCC_493\Debug\cymetadata.o
 .bss           0x00000000        0x0 .\CortexM0\ARM_GCC_493\Debug\cymetadata.o
 .text          0x00000000        0x0 .\CortexM0\ARM_GCC_493\Debug\Cm0Start.o
 .data          0x00000000        0x4 .\CortexM0\ARM_GCC_493\Debug\Cm0Start.o
 .bss           0x00000000        0x0 .\CortexM0\ARM_GCC_493\Debug\Cm0Start.o
 .text._exit    0x00000000        0xc .\CortexM0\ARM_GCC_493\Debug\Cm0Start.o
 .text._sbrk    0x00000000       0x30 .\CortexM0\ARM_GCC_493\Debug\Cm0Start.o
 .text          0x00000000        0x0 .\CortexM0\ARM_GCC_493\Debug\Design01.a(cyfitter_cfg.o)
 .data          0x00000000        0x0 .\CortexM0\ARM_GCC_493\Debug\Design01.a(cyfitter_cfg.o)
 .bss           0x00000000        0x0 .\CortexM0\ARM_GCC_493\Debug\Design01.a(cyfitter_cfg.o)
 .data          0x00000000        0x0 .\CortexM0\ARM_GCC_493\Debug\Design01.a(CyBootAsmGnu.o)
 .bss           0x00000000        0x0 .\CortexM0\ARM_GCC_493\Debug\Design01.a(CyBootAsmGnu.o)
 .text          0x00000000        0x0 .\CortexM0\ARM_GCC_493\Debug\Design01.a(CyLib.o)
 .bss           0x00000000       0x18 .\CortexM0\ARM_GCC_493\Debug\Design01.a(CyLib.o)
 .text.CySysClkImoStart
                0x00000000       0x14 .\CortexM0\ARM_GCC_493\Debug\Design01.a(CyLib.o)
 .text.CySysClkImoStop
                0x00000000       0x10 .\CortexM0\ARM_GCC_493\Debug\Design01.a(CyLib.o)
 .text.CySysClkWriteHfclkDirect
                0x00000000       0x20 .\CortexM0\ARM_GCC_493\Debug\Design01.a(CyLib.o)
 .text.CySysClkGetSysclkSource
                0x00000000       0x1c .\CortexM0\ARM_GCC_493\Debug\Design01.a(CyLib.o)
 .text.CySysClkWriteSysclkDiv
                0x00000000       0x28 .\CortexM0\ARM_GCC_493\Debug\Design01.a(CyLib.o)
 .text.CySysClkEcoStop
                0x00000000       0x24 .\CortexM0\ARM_GCC_493\Debug\Design01.a(CyLib.o)
 .text.CySysLvdDisable
                0x00000000       0x20 .\CortexM0\ARM_GCC_493\Debug\Design01.a(CyLib.o)
 .text.CySysLvdGetInterruptSource
                0x00000000       0x10 .\CortexM0\ARM_GCC_493\Debug\Design01.a(CyLib.o)
 .text.CySysLvdClearInterrupt
                0x00000000        0xc .\CortexM0\ARM_GCC_493\Debug\Design01.a(CyLib.o)
 .text.CySysGetResetReason
                0x00000000       0x14 .\CortexM0\ARM_GCC_493\Debug\Design01.a(CyLib.o)
 .text.CyDisableInts
                0x00000000       0x10 .\CortexM0\ARM_GCC_493\Debug\Design01.a(CyLib.o)
 .text.CyEnableInts
                0x00000000        0xc .\CortexM0\ARM_GCC_493\Debug\Design01.a(CyLib.o)
 .text.CyIntGetState
                0x00000000       0x18 .\CortexM0\ARM_GCC_493\Debug\Design01.a(CyLib.o)
 .text.CyIntDisable
                0x00000000       0x14 .\CortexM0\ARM_GCC_493\Debug\Design01.a(CyLib.o)
 .text.CyIntSetPending
                0x00000000       0x14 .\CortexM0\ARM_GCC_493\Debug\Design01.a(CyLib.o)
 .text.CyIntClearPending
                0x00000000       0x14 .\CortexM0\ARM_GCC_493\Debug\Design01.a(CyLib.o)
 .text.CySysClkWriteEcoDiv
                0x00000000       0x38 .\CortexM0\ARM_GCC_493\Debug\Design01.a(CyLib.o)
 .text.CyIntSetSysVector
                0x00000000       0x20 .\CortexM0\ARM_GCC_493\Debug\Design01.a(CyLib.o)
 .text.CyIntGetSysVector
                0x00000000       0x1c .\CortexM0\ARM_GCC_493\Debug\Design01.a(CyLib.o)
 .text.CyIntGetVector
                0x00000000       0x20 .\CortexM0\ARM_GCC_493\Debug\Design01.a(CyLib.o)
 .text.CyIntSetPriority
                0x00000000       0x4c .\CortexM0\ARM_GCC_493\Debug\Design01.a(CyLib.o)
 .text.CyIntGetPriority
                0x00000000       0x2c .\CortexM0\ARM_GCC_493\Debug\Design01.a(CyLib.o)
 .text.CySoftwareReset
                0x00000000       0x18 .\CortexM0\ARM_GCC_493\Debug\Design01.a(CyLib.o)
 .text.CySysLvdEnable
                0x00000000       0x44 .\CortexM0\ARM_GCC_493\Debug\Design01.a(CyLib.o)
 .text.CyDelayFreq
                0x00000000       0x4c .\CortexM0\ARM_GCC_493\Debug\Design01.a(CyLib.o)
 .text.CySysTickStop
                0x00000000       0x10 .\CortexM0\ARM_GCC_493\Debug\Design01.a(CyLib.o)
 .text.CySysTickEnableInterrupt
                0x00000000       0x10 .\CortexM0\ARM_GCC_493\Debug\Design01.a(CyLib.o)
 .text.CySysTickEnable
                0x00000000       0x18 .\CortexM0\ARM_GCC_493\Debug\Design01.a(CyLib.o)
 .text.CySysTickDisableInterrupt
                0x00000000       0x10 .\CortexM0\ARM_GCC_493\Debug\Design01.a(CyLib.o)
 .text.CySysTickSetReload
                0x00000000       0x10 .\CortexM0\ARM_GCC_493\Debug\Design01.a(CyLib.o)
 .text.CySysTickGetReload
                0x00000000       0x10 .\CortexM0\ARM_GCC_493\Debug\Design01.a(CyLib.o)
 .text.CySysTickGetValue
                0x00000000       0x10 .\CortexM0\ARM_GCC_493\Debug\Design01.a(CyLib.o)
 .text.CySysTickSetClockSource
                0x00000000       0x20 .\CortexM0\ARM_GCC_493\Debug\Design01.a(CyLib.o)
 .text.CySysTickGetCountFlag
                0x00000000       0x10 .\CortexM0\ARM_GCC_493\Debug\Design01.a(CyLib.o)
 .text.CySysTickServiceCallbacks
                0x00000000       0x28 .\CortexM0\ARM_GCC_493\Debug\Design01.a(CyLib.o)
 .text.CySysTickClear
                0x00000000        0xc .\CortexM0\ARM_GCC_493\Debug\Design01.a(CyLib.o)
 .text.CySysTickInit
                0x00000000       0x4c .\CortexM0\ARM_GCC_493\Debug\Design01.a(CyLib.o)
 .text.CySysTickStart
                0x00000000       0x20 .\CortexM0\ARM_GCC_493\Debug\Design01.a(CyLib.o)
 .text.CySysTickSetCallback
                0x00000000       0x10 .\CortexM0\ARM_GCC_493\Debug\Design01.a(CyLib.o)
 .text.CySysTickGetCallback
                0x00000000        0xc .\CortexM0\ARM_GCC_493\Debug\Design01.a(CyLib.o)
 .text.CyGetUniqueId
                0x00000000       0x70 .\CortexM0\ARM_GCC_493\Debug\Design01.a(CyLib.o)
 .text          0x00000000        0x0 .\CortexM0\ARM_GCC_493\Debug\Design01.a(CyLFClk.o)
 .text.CySysClkIloEnabled
                0x00000000       0x14 .\CortexM0\ARM_GCC_493\Debug\Design01.a(CyLFClk.o)
 .text.CySysClkGetLfclkSource
                0x00000000       0x10 .\CortexM0\ARM_GCC_493\Debug\Design01.a(CyLFClk.o)
 .text.CySysClkIloStart
                0x00000000       0x14 .\CortexM0\ARM_GCC_493\Debug\Design01.a(CyLFClk.o)
 .text.CySysClkIloStartMeasurement
                0x00000000       0x5c .\CortexM0\ARM_GCC_493\Debug\Design01.a(CyLFClk.o)
 .text.CySysClkIloStopMeasurement
                0x00000000       0x14 .\CortexM0\ARM_GCC_493\Debug\Design01.a(CyLFClk.o)
 .text.CySysClkIloCompensate
                0x00000000      0x108 .\CortexM0\ARM_GCC_493\Debug\Design01.a(CyLFClk.o)
 .text.CySysClkIloUpdateTrimReg
                0x00000000       0xa4 .\CortexM0\ARM_GCC_493\Debug\Design01.a(CyLFClk.o)
 .text.CySysClkIloTrim
                0x00000000       0xd8 .\CortexM0\ARM_GCC_493\Debug\Design01.a(CyLFClk.o)
 .text.CySysClkIloRestoreFactoryTrim
                0x00000000       0x30 .\CortexM0\ARM_GCC_493\Debug\Design01.a(CyLFClk.o)
 .text.CySysClkWcoEnabled
                0x00000000       0x14 .\CortexM0\ARM_GCC_493\Debug\Design01.a(CyLFClk.o)
 .text.CySysClkWcoClockOutSelect
                0x00000000       0x2c .\CortexM0\ARM_GCC_493\Debug\Design01.a(CyLFClk.o)
 .text.CySysWdtGetEnabledStatus
                0x00000000       0x24 .\CortexM0\ARM_GCC_493\Debug\Design01.a(CyLFClk.o)
 .text.CySysWdtSetMode
                0x00000000       0x38 .\CortexM0\ARM_GCC_493\Debug\Design01.a(CyLFClk.o)
 .text.CySysClkLfclkPosedgeRestore
                0x00000000       0x2c .\CortexM0\ARM_GCC_493\Debug\Design01.a(CyLFClk.o)
 .text.CySysWdtGetMode
                0x00000000       0x14 .\CortexM0\ARM_GCC_493\Debug\Design01.a(CyLFClk.o)
 .text.CySysWdtSetClearOnMatch
                0x00000000       0x38 .\CortexM0\ARM_GCC_493\Debug\Design01.a(CyLFClk.o)
 .text.CySysWdtGetClearOnMatch
                0x00000000       0x24 .\CortexM0\ARM_GCC_493\Debug\Design01.a(CyLFClk.o)
 .text.CySysWdtEnable
                0x00000000       0x3c .\CortexM0\ARM_GCC_493\Debug\Design01.a(CyLFClk.o)
 .text.CySysWdtDisable
                0x00000000       0x44 .\CortexM0\ARM_GCC_493\Debug\Design01.a(CyLFClk.o)
 .text.CySysWdtSetCascade
                0x00000000       0x34 .\CortexM0\ARM_GCC_493\Debug\Design01.a(CyLFClk.o)
 .text.CySysWdtGetCascade
                0x00000000       0x14 .\CortexM0\ARM_GCC_493\Debug\Design01.a(CyLFClk.o)
 .text.CySysWdtSetMatch
                0x00000000       0x58 .\CortexM0\ARM_GCC_493\Debug\Design01.a(CyLFClk.o)
 .text.CySysWdtSetToggleBit
                0x00000000       0x2c .\CortexM0\ARM_GCC_493\Debug\Design01.a(CyLFClk.o)
 .text.CySysWdtGetToggleBit
                0x00000000       0x10 .\CortexM0\ARM_GCC_493\Debug\Design01.a(CyLFClk.o)
 .text.CySysWdtGetMatch
                0x00000000       0x20 .\CortexM0\ARM_GCC_493\Debug\Design01.a(CyLFClk.o)
 .text.CySysWdtGetCount
                0x00000000       0x3c .\CortexM0\ARM_GCC_493\Debug\Design01.a(CyLFClk.o)
 .text.CySysClkLfclkPosedgeCatch
                0x00000000       0x74 .\CortexM0\ARM_GCC_493\Debug\Design01.a(CyLFClk.o)
 .text.CySysClkIloStop
                0x00000000       0x4c .\CortexM0\ARM_GCC_493\Debug\Design01.a(CyLFClk.o)
 .text.CySysClkSetLfclkSource
                0x00000000       0x38 .\CortexM0\ARM_GCC_493\Debug\Design01.a(CyLFClk.o)
 .text.CySysClkWcoStop
                0x00000000       0x48 .\CortexM0\ARM_GCC_493\Debug\Design01.a(CyLFClk.o)
 .text.CySysWdtGetInterruptSource
                0x00000000       0x14 .\CortexM0\ARM_GCC_493\Debug\Design01.a(CyLFClk.o)
 .text.CySysWdtResetCounters
                0x00000000       0x20 .\CortexM0\ARM_GCC_493\Debug\Design01.a(CyLFClk.o)
 .text.CySysWdtSetInterruptCallback
                0x00000000       0x20 .\CortexM0\ARM_GCC_493\Debug\Design01.a(CyLFClk.o)
 .text.CySysWdtGetInterruptCallback
                0x00000000       0x20 .\CortexM0\ARM_GCC_493\Debug\Design01.a(CyLFClk.o)
 .text.CySysWdtEnableCounterIsr
                0x00000000       0x34 .\CortexM0\ARM_GCC_493\Debug\Design01.a(CyLFClk.o)
 .text.CySysWdtDisableCounterIsr
                0x00000000       0x28 .\CortexM0\ARM_GCC_493\Debug\Design01.a(CyLFClk.o)
 .text.CySysWatchdogFeed
                0x00000000       0x60 .\CortexM0\ARM_GCC_493\Debug\Design01.a(CyLFClk.o)
 .text.CySysTimerDelayUntilMatch
                0x00000000       0x6c .\CortexM0\ARM_GCC_493\Debug\Design01.a(CyLFClk.o)
 .text.CySysTimerDelay
                0x00000000       0x3c .\CortexM0\ARM_GCC_493\Debug\Design01.a(CyLFClk.o)
 .rodata        0x00000000        0xc .\CortexM0\ARM_GCC_493\Debug\Design01.a(CyLFClk.o)
 .text          0x00000000        0x0 .\CortexM0\ARM_GCC_493\Debug\Design01.a(Pin_LED_Blue.o)
 .data          0x00000000        0x0 .\CortexM0\ARM_GCC_493\Debug\Design01.a(Pin_LED_Blue.o)
 .bss           0x00000000        0x0 .\CortexM0\ARM_GCC_493\Debug\Design01.a(Pin_LED_Blue.o)
 .text.Pin_LED_Blue_SetDriveMode
                0x00000000       0x18 .\CortexM0\ARM_GCC_493\Debug\Design01.a(Pin_LED_Blue.o)
 .text.Pin_LED_Blue_ReadDataReg
                0x00000000       0x10 .\CortexM0\ARM_GCC_493\Debug\Design01.a(Pin_LED_Blue.o)
 .text.Pin_LED_Blue_SetInterruptMode
                0x00000000       0x14 .\CortexM0\ARM_GCC_493\Debug\Design01.a(Pin_LED_Blue.o)
 .text.Pin_LED_Blue_ClearInterrupt
                0x00000000       0x14 .\CortexM0\ARM_GCC_493\Debug\Design01.a(Pin_LED_Blue.o)
 .text          0x00000000        0x0 .\CortexM0\ARM_GCC_493\Debug\Design01.a(Pin_LED_Red.o)
 .data          0x00000000        0x0 .\CortexM0\ARM_GCC_493\Debug\Design01.a(Pin_LED_Red.o)
 .bss           0x00000000        0x0 .\CortexM0\ARM_GCC_493\Debug\Design01.a(Pin_LED_Red.o)
 .text.Pin_LED_Red_SetDriveMode
                0x00000000       0x18 .\CortexM0\ARM_GCC_493\Debug\Design01.a(Pin_LED_Red.o)
 .text.Pin_LED_Red_ReadDataReg
                0x00000000       0x10 .\CortexM0\ARM_GCC_493\Debug\Design01.a(Pin_LED_Red.o)
 .text.Pin_LED_Red_SetInterruptMode
                0x00000000       0x14 .\CortexM0\ARM_GCC_493\Debug\Design01.a(Pin_LED_Red.o)
 .text.Pin_LED_Red_ClearInterrupt
                0x00000000       0x14 .\CortexM0\ARM_GCC_493\Debug\Design01.a(Pin_LED_Red.o)
 .text          0x00000000        0x0 .\CortexM0\ARM_GCC_493\Debug\Design01.a(Pin_LED_Green.o)
 .data          0x00000000        0x0 .\CortexM0\ARM_GCC_493\Debug\Design01.a(Pin_LED_Green.o)
 .bss           0x00000000        0x0 .\CortexM0\ARM_GCC_493\Debug\Design01.a(Pin_LED_Green.o)
 .text.Pin_LED_Green_SetDriveMode
                0x00000000       0x18 .\CortexM0\ARM_GCC_493\Debug\Design01.a(Pin_LED_Green.o)
 .text.Pin_LED_Green_ReadDataReg
                0x00000000       0x10 .\CortexM0\ARM_GCC_493\Debug\Design01.a(Pin_LED_Green.o)
 .text.Pin_LED_Green_SetInterruptMode
                0x00000000       0x14 .\CortexM0\ARM_GCC_493\Debug\Design01.a(Pin_LED_Green.o)
 .text.Pin_LED_Green_ClearInterrupt
                0x00000000       0x14 .\CortexM0\ARM_GCC_493\Debug\Design01.a(Pin_LED_Green.o)
 .text          0x00000000      0x120 z:/program files (x86)/cypress/psoc creator/3.3/psoc creator/import/gnu/arm/4.9.3/bin/../lib/gcc/arm-none-eabi/4.9.3/armv6-m\libgcc.a(_udivsi3.o)
 .data          0x00000000        0x0 z:/program files (x86)/cypress/psoc creator/3.3/psoc creator/import/gnu/arm/4.9.3/bin/../lib/gcc/arm-none-eabi/4.9.3/armv6-m\libgcc.a(_udivsi3.o)
 .bss           0x00000000        0x0 z:/program files (x86)/cypress/psoc creator/3.3/psoc creator/import/gnu/arm/4.9.3/bin/../lib/gcc/arm-none-eabi/4.9.3/armv6-m\libgcc.a(_udivsi3.o)
 .text          0x00000000      0x1e0 z:/program files (x86)/cypress/psoc creator/3.3/psoc creator/import/gnu/arm/4.9.3/bin/../lib/gcc/arm-none-eabi/4.9.3/armv6-m\libgcc.a(_divsi3.o)
 .data          0x00000000        0x0 z:/program files (x86)/cypress/psoc creator/3.3/psoc creator/import/gnu/arm/4.9.3/bin/../lib/gcc/arm-none-eabi/4.9.3/armv6-m\libgcc.a(_divsi3.o)
 .bss           0x00000000        0x0 z:/program files (x86)/cypress/psoc creator/3.3/psoc creator/import/gnu/arm/4.9.3/bin/../lib/gcc/arm-none-eabi/4.9.3/armv6-m\libgcc.a(_divsi3.o)
 .text          0x00000000        0x4 z:/program files (x86)/cypress/psoc creator/3.3/psoc creator/import/gnu/arm/4.9.3/bin/../lib/gcc/arm-none-eabi/4.9.3/armv6-m\libgcc.a(_dvmd_tls.o)
 .data          0x00000000        0x0 z:/program files (x86)/cypress/psoc creator/3.3/psoc creator/import/gnu/arm/4.9.3/bin/../lib/gcc/arm-none-eabi/4.9.3/armv6-m\libgcc.a(_dvmd_tls.o)
 .bss           0x00000000        0x0 z:/program files (x86)/cypress/psoc creator/3.3/psoc creator/import/gnu/arm/4.9.3/bin/../lib/gcc/arm-none-eabi/4.9.3/armv6-m\libgcc.a(_dvmd_tls.o)
 .text          0x00000000        0x0 z:/program files (x86)/cypress/psoc creator/3.3/psoc creator/import/gnu/arm/4.9.3/bin/../lib/gcc/arm-none-eabi/4.9.3/../../../../arm-none-eabi/lib/armv6-m\libg_nano.a(lib_a-errno.o)
 .data          0x00000000        0x0 z:/program files (x86)/cypress/psoc creator/3.3/psoc creator/import/gnu/arm/4.9.3/bin/../lib/gcc/arm-none-eabi/4.9.3/../../../../arm-none-eabi/lib/armv6-m\libg_nano.a(lib_a-errno.o)
 .bss           0x00000000        0x0 z:/program files (x86)/cypress/psoc creator/3.3/psoc creator/import/gnu/arm/4.9.3/bin/../lib/gcc/arm-none-eabi/4.9.3/../../../../arm-none-eabi/lib/armv6-m\libg_nano.a(lib_a-errno.o)
 .text.__errno  0x00000000        0xc z:/program files (x86)/cypress/psoc creator/3.3/psoc creator/import/gnu/arm/4.9.3/bin/../lib/gcc/arm-none-eabi/4.9.3/../../../../arm-none-eabi/lib/armv6-m\libg_nano.a(lib_a-errno.o)
 .text          0x00000000        0x0 z:/program files (x86)/cypress/psoc creator/3.3/psoc creator/import/gnu/arm/4.9.3/bin/../lib/gcc/arm-none-eabi/4.9.3/../../../../arm-none-eabi/lib/armv6-m\libg_nano.a(lib_a-exit.o)
 .data          0x00000000        0x0 z:/program files (x86)/cypress/psoc creator/3.3/psoc creator/import/gnu/arm/4.9.3/bin/../lib/gcc/arm-none-eabi/4.9.3/../../../../arm-none-eabi/lib/armv6-m\libg_nano.a(lib_a-exit.o)
 .bss           0x00000000        0x0 z:/program files (x86)/cypress/psoc creator/3.3/psoc creator/import/gnu/arm/4.9.3/bin/../lib/gcc/arm-none-eabi/4.9.3/../../../../arm-none-eabi/lib/armv6-m\libg_nano.a(lib_a-exit.o)
 .text.exit     0x00000000       0x2c z:/program files (x86)/cypress/psoc creator/3.3/psoc creator/import/gnu/arm/4.9.3/bin/../lib/gcc/arm-none-eabi/4.9.3/../../../../arm-none-eabi/lib/armv6-m\libg_nano.a(lib_a-exit.o)
 .text          0x00000000        0x0 z:/program files (x86)/cypress/psoc creator/3.3/psoc creator/import/gnu/arm/4.9.3/bin/../lib/gcc/arm-none-eabi/4.9.3/../../../../arm-none-eabi/lib/armv6-m\libg_nano.a(lib_a-impure.o)
 .data          0x00000000        0x0 z:/program files (x86)/cypress/psoc creator/3.3/psoc creator/import/gnu/arm/4.9.3/bin/../lib/gcc/arm-none-eabi/4.9.3/../../../../arm-none-eabi/lib/armv6-m\libg_nano.a(lib_a-impure.o)
 .bss           0x00000000        0x0 z:/program files (x86)/cypress/psoc creator/3.3/psoc creator/import/gnu/arm/4.9.3/bin/../lib/gcc/arm-none-eabi/4.9.3/../../../../arm-none-eabi/lib/armv6-m\libg_nano.a(lib_a-impure.o)
 .data.impure_data
                0x00000000       0x60 z:/program files (x86)/cypress/psoc creator/3.3/psoc creator/import/gnu/arm/4.9.3/bin/../lib/gcc/arm-none-eabi/4.9.3/../../../../arm-none-eabi/lib/armv6-m\libg_nano.a(lib_a-impure.o)
 .data._impure_ptr
                0x00000000        0x4 z:/program files (x86)/cypress/psoc creator/3.3/psoc creator/import/gnu/arm/4.9.3/bin/../lib/gcc/arm-none-eabi/4.9.3/../../../../arm-none-eabi/lib/armv6-m\libg_nano.a(lib_a-impure.o)
 .rodata.str1.1
                0x00000000        0x2 z:/program files (x86)/cypress/psoc creator/3.3/psoc creator/import/gnu/arm/4.9.3/bin/../lib/gcc/arm-none-eabi/4.9.3/../../../../arm-none-eabi/lib/armv6-m\libg_nano.a(lib_a-impure.o)
 .rodata._global_impure_ptr
                0x00000000        0x4 z:/program files (x86)/cypress/psoc creator/3.3/psoc creator/import/gnu/arm/4.9.3/bin/../lib/gcc/arm-none-eabi/4.9.3/../../../../arm-none-eabi/lib/armv6-m\libg_nano.a(lib_a-impure.o)
 .text          0x00000000        0x0 z:/program files (x86)/cypress/psoc creator/3.3/psoc creator/import/gnu/arm/4.9.3/bin/../lib/gcc/arm-none-eabi/4.9.3/../../../../arm-none-eabi/lib/armv6-m\libg_nano.a(lib_a-init.o)
 .data          0x00000000        0x0 z:/program files (x86)/cypress/psoc creator/3.3/psoc creator/import/gnu/arm/4.9.3/bin/../lib/gcc/arm-none-eabi/4.9.3/../../../../arm-none-eabi/lib/armv6-m\libg_nano.a(lib_a-init.o)
 .bss           0x00000000        0x0 z:/program files (x86)/cypress/psoc creator/3.3/psoc creator/import/gnu/arm/4.9.3/bin/../lib/gcc/arm-none-eabi/4.9.3/../../../../arm-none-eabi/lib/armv6-m\libg_nano.a(lib_a-init.o)
 .text          0x00000000        0x0 z:/program files (x86)/cypress/psoc creator/3.3/psoc creator/import/gnu/arm/4.9.3/bin/../lib/gcc/arm-none-eabi/4.9.3/../../../../arm-none-eabi/lib/armv6-m\libg_nano.a(lib_a-memset.o)
 .data          0x00000000        0x0 z:/program files (x86)/cypress/psoc creator/3.3/psoc creator/import/gnu/arm/4.9.3/bin/../lib/gcc/arm-none-eabi/4.9.3/../../../../arm-none-eabi/lib/armv6-m\libg_nano.a(lib_a-memset.o)
 .bss           0x00000000        0x0 z:/program files (x86)/cypress/psoc creator/3.3/psoc creator/import/gnu/arm/4.9.3/bin/../lib/gcc/arm-none-eabi/4.9.3/../../../../arm-none-eabi/lib/armv6-m\libg_nano.a(lib_a-memset.o)
 .text          0x00000000        0x0 z:/program files (x86)/cypress/psoc creator/3.3/psoc creator/import/gnu/arm/4.9.3/bin/../lib/gcc/arm-none-eabi/4.9.3/armv6-m/crtend.o
 .data          0x00000000        0x0 z:/program files (x86)/cypress/psoc creator/3.3/psoc creator/import/gnu/arm/4.9.3/bin/../lib/gcc/arm-none-eabi/4.9.3/armv6-m/crtend.o
 .bss           0x00000000        0x0 z:/program files (x86)/cypress/psoc creator/3.3/psoc creator/import/gnu/arm/4.9.3/bin/../lib/gcc/arm-none-eabi/4.9.3/armv6-m/crtend.o
 .text          0x00000000        0x0 z:/program files (x86)/cypress/psoc creator/3.3/psoc creator/import/gnu/arm/4.9.3/bin/../lib/gcc/arm-none-eabi/4.9.3/armv6-m/crtn.o
 .data          0x00000000        0x0 z:/program files (x86)/cypress/psoc creator/3.3/psoc creator/import/gnu/arm/4.9.3/bin/../lib/gcc/arm-none-eabi/4.9.3/armv6-m/crtn.o
 .bss           0x00000000        0x0 z:/program files (x86)/cypress/psoc creator/3.3/psoc creator/import/gnu/arm/4.9.3/bin/../lib/gcc/arm-none-eabi/4.9.3/armv6-m/crtn.o

Memory Configuration

Name             Origin             Length             Attributes
rom              0x00000000         0x00020000         xr
ram              0x20000000         0x00004000         xrw
*default*        0x00000000         0xffffffff

Linker script and memory map

LOAD z:/program files (x86)/cypress/psoc creator/3.3/psoc creator/import/gnu/arm/4.9.3/bin/../lib/gcc/arm-none-eabi/4.9.3/armv6-m/crti.o
LOAD z:/program files (x86)/cypress/psoc creator/3.3/psoc creator/import/gnu/arm/4.9.3/bin/../lib/gcc/arm-none-eabi/4.9.3/armv6-m/crtbegin.o
LOAD z:/program files (x86)/cypress/psoc creator/3.3/psoc creator/import/gnu/arm/4.9.3/bin/../lib/gcc/arm-none-eabi/4.9.3/../../../../arm-none-eabi/lib/armv6-m/crt0.o
START GROUP
LOAD .\CortexM0\ARM_GCC_493\Debug\main.o
LOAD .\CortexM0\ARM_GCC_493\Debug\cymetadata.o
LOAD .\CortexM0\ARM_GCC_493\Debug\Cm0Start.o
LOAD .\CortexM0\ARM_GCC_493\Debug\Design01.a
LOAD Z:\Program Files (x86)\Cypress\PSoC Creator\3.3\PSoC Creator\psoc\content\cycomponentlibrary\CyComponentLibrary.cylib\CortexM0\ARM_GCC_493\Debug\CyComponentLibrary.a
END GROUP
START GROUP
LOAD z:/program files (x86)/cypress/psoc creator/3.3/psoc creator/import/gnu/arm/4.9.3/bin/../lib/gcc/arm-none-eabi/4.9.3/armv6-m\libgcc.a
LOAD z:/program files (x86)/cypress/psoc creator/3.3/psoc creator/import/gnu/arm/4.9.3/bin/../lib/gcc/arm-none-eabi/4.9.3/../../../../arm-none-eabi/lib/armv6-m\libg_nano.a
LOAD z:/program files (x86)/cypress/psoc creator/3.3/psoc creator/import/gnu/arm/4.9.3/bin/../lib/gcc/arm-none-eabi/4.9.3/../../../../arm-none-eabi/lib/armv6-m\libc_nano.a
END GROUP
START GROUP
LOAD z:/program files (x86)/cypress/psoc creator/3.3/psoc creator/import/gnu/arm/4.9.3/bin/../lib/gcc/arm-none-eabi/4.9.3/armv6-m\libgcc.a
LOAD z:/program files (x86)/cypress/psoc creator/3.3/psoc creator/import/gnu/arm/4.9.3/bin/../lib/gcc/arm-none-eabi/4.9.3/../../../../arm-none-eabi/lib/armv6-m\libc_nano.a
END GROUP
LOAD z:/program files (x86)/cypress/psoc creator/3.3/psoc creator/import/gnu/arm/4.9.3/bin/../lib/gcc/arm-none-eabi/4.9.3/armv6-m/crtend.o
LOAD z:/program files (x86)/cypress/psoc creator/3.3/psoc creator/import/gnu/arm/4.9.3/bin/../lib/gcc/arm-none-eabi/4.9.3/armv6-m/crtn.o
START GROUP
LOAD z:/program files (x86)/cypress/psoc creator/3.3/psoc creator/import/gnu/arm/4.9.3/bin/../lib/gcc/arm-none-eabi/4.9.3/armv6-m\libgcc.a
LOAD z:/program files (x86)/cypress/psoc creator/3.3/psoc creator/import/gnu/arm/4.9.3/bin/../lib/gcc/arm-none-eabi/4.9.3/../../../../arm-none-eabi/lib/armv6-m\libc.a
LOAD z:/program files (x86)/cypress/psoc creator/3.3/psoc creator/import/gnu/arm/4.9.3/bin/../lib/gcc/arm-none-eabi/4.9.3/../../../../arm-none-eabi/lib/armv6-m\libnosys.a
END GROUP
                0x00000000                CY_APPL_ORIGIN = 0x0
                0x00000080                CY_FLASH_ROW_SIZE = 0x80
                0x00000001                CY_APPL_NUM = 0x1
                0x00000001                CY_APPL_MAX = 0x1
                0x00000040                CY_METADATA_SIZE = 0x40
                0x00000000                CY_APPL_LOADABLE = 0x0
                0x00000000                CY_CHECKSUM_EXCLUDE_SIZE = ALIGN (0x0, CY_FLASH_ROW_SIZE)
                0x00000000                CY_APP_FOR_STACK_AND_COPIER = 0x0
                0x20000130                PROVIDE (__cy_heap_start, _end)
                0x00000001                PROVIDE (__cy_region_num, ((__cy_regions_end - __cy_regions) / 0x10))
                0x20004000                PROVIDE (__cy_stack, (ORIGIN (ram) + 0x4000))
                0x20003800                PROVIDE (__cy_heap_end, (__cy_stack - 0x800))

.cybootloader   0x00000000        0x0
 *(.cybootloader)
                0x00000000                appl1_start = CY_APPL_ORIGIN?CY_APPL_ORIGIN:ALIGN (CY_FLASH_ROW_SIZE)
                0x0000ff80                appl2_start = (appl1_start + ALIGN ((((0x20000 - appl1_start) - (0x2 * CY_FLASH_ROW_SIZE)) / 0x2), CY_FLASH_ROW_SIZE))
                0x00000000                appl_start = (CY_APPL_NUM == 0x1)?appl1_start:appl2_start
                0x00000001                cy_project_type_bootloader = (appl_start == 0x0)?0x1:0x0
                0x00000000                cy_project_type_app_for_stack_and_copier = (CY_APP_FOR_STACK_AND_COPIER == 0x1)?0x1:0x0

.text           0x00000000      0x764
 CREATE_OBJECT_SYMBOLS
                0x00000000                PROVIDE (__cy_interrupt_vector, RomVectors)
 *(.romvectors)
 .romvectors    0x00000000       0x10 .\CortexM0\ARM_GCC_493\Debug\Cm0Start.o
                0x00000000                RomVectors
                0x00000001                ASSERT ((. != __cy_interrupt_vector), No interrupt vector)
                0x00000001                ASSERT (CY_APPL_ORIGIN?(SIZEOF (.cybootloader) <= CY_APPL_ORIGIN):0x1, Wrong image location)
                0x00000010                PROVIDE (__cy_reset, Reset)
 *(.text.Reset)
 .text.Reset    0x00000010        0x8 .\CortexM0\ARM_GCC_493\Debug\Cm0Start.o
                0x00000010                Reset
                0x00000001                ASSERT ((. != __cy_reset), No reset code)
 *(.psocinit)
 .psocinit      0x00000018      0x164 .\CortexM0\ARM_GCC_493\Debug\Design01.a(cyfitter_cfg.o)
                0x000000c4                cyfitter_cfg
                0x0000017c                . = MAX (., 0x100)
 *(.text .text.* .gnu.linkonce.t.*)
 .text          0x0000017c       0x60 z:/program files (x86)/cypress/psoc creator/3.3/psoc creator/import/gnu/arm/4.9.3/bin/../lib/gcc/arm-none-eabi/4.9.3/armv6-m/crtbegin.o
 .text.main     0x000001dc       0x70 .\CortexM0\ARM_GCC_493\Debug\main.o
                0x000001dc                main
 .text.IntDefaultHandler
                0x0000024c        0x4 .\CortexM0\ARM_GCC_493\Debug\Cm0Start.o
                0x0000024c                IntDefaultHandler
 .text.Start_c  0x00000250       0x48 .\CortexM0\ARM_GCC_493\Debug\Cm0Start.o
                0x00000250                Start_c
 .text.initialize_psoc
                0x00000298       0x54 .\CortexM0\ARM_GCC_493\Debug\Cm0Start.o
                0x00000298                initialize_psoc
 .text.AnalogSetDefault
                0x000002ec       0x20 .\CortexM0\ARM_GCC_493\Debug\Design01.a(cyfitter_cfg.o)
 .text.CYMEMZERO
                0x0000030c        0xc .\CortexM0\ARM_GCC_493\Debug\Design01.a(cyfitter_cfg.o)
 .text          0x00000318       0x20 .\CortexM0\ARM_GCC_493\Debug\Design01.a(CyBootAsmGnu.o)
                0x00000318                CyDelayCycles
                0x0000032a                CyEnterCriticalSection
                0x00000332                CyExitCriticalSection
 .text.CySysClkWriteImoFreq
                0x00000338       0x64 .\CortexM0\ARM_GCC_493\Debug\Design01.a(CyLib.o)
                0x00000338                CySysClkWriteImoFreq
 .text.CySysClkEcoReadStatus
                0x0000039c       0x10 .\CortexM0\ARM_GCC_493\Debug\Design01.a(CyLib.o)
                0x0000039c                CySysClkEcoReadStatus
 .text.CyIntEnable
                0x000003ac       0x14 .\CortexM0\ARM_GCC_493\Debug\Design01.a(CyLib.o)
                0x000003ac                CyIntEnable
 .text.CyHalt   0x000003c0        0x4 .\CortexM0\ARM_GCC_493\Debug\Design01.a(CyLib.o)
                0x000003c0                CyHalt
 .text.CyIntSetVector
                0x000003c4       0x24 .\CortexM0\ARM_GCC_493\Debug\Design01.a(CyLib.o)
                0x000003c4                CyIntSetVector
 .text.CyDelay  0x000003e8       0x30 .\CortexM0\ARM_GCC_493\Debug\Design01.a(CyLib.o)
                0x000003e8                CyDelay
 .text.CyDelayUs
                0x00000418       0x14 .\CortexM0\ARM_GCC_493\Debug\Design01.a(CyLib.o)
                0x00000418                CyDelayUs
 .text.CySysClkEcoStart
                0x0000042c       0x54 .\CortexM0\ARM_GCC_493\Debug\Design01.a(CyLib.o)
                0x0000042c                CySysClkEcoStart
 .text.CySysWdtLocked
                0x00000480       0x14 .\CortexM0\ARM_GCC_493\Debug\Design01.a(CyLFClk.o)
 .text.CySysClkWcoStart
                0x00000494       0x40 .\CortexM0\ARM_GCC_493\Debug\Design01.a(CyLFClk.o)
                0x00000494                CySysClkWcoStart
 .text.CySysClkWcoSetPowerMode
                0x000004d4       0x80 .\CortexM0\ARM_GCC_493\Debug\Design01.a(CyLFClk.o)
                0x000004d4                CySysClkWcoSetPowerMode
 .text.CySysWdtLock
                0x00000554       0x1c .\CortexM0\ARM_GCC_493\Debug\Design01.a(CyLFClk.o)
                0x00000554                CySysWdtLock
 .text.CySysWdtUnlock
                0x00000570       0x30 .\CortexM0\ARM_GCC_493\Debug\Design01.a(CyLFClk.o)
                0x00000570                CySysWdtUnlock
 .text.CySysWdtClearInterrupt
                0x000005a0       0x4c .\CortexM0\ARM_GCC_493\Debug\Design01.a(CyLFClk.o)
                0x000005a0                CySysWdtClearInterrupt
 .text.CySysWdtIsr
                0x000005ec       0xa4 .\CortexM0\ARM_GCC_493\Debug\Design01.a(CyLFClk.o)
                0x000005ec                CySysWdtIsr
 .text.Pin_LED_Blue_Write
                0x00000690       0x18 .\CortexM0\ARM_GCC_493\Debug\Design01.a(Pin_LED_Blue.o)
                0x00000690                Pin_LED_Blue_Write
 .text.Pin_LED_Blue_Read
                0x000006a8       0x10 .\CortexM0\ARM_GCC_493\Debug\Design01.a(Pin_LED_Blue.o)
                0x000006a8                Pin_LED_Blue_Read
 .text.Pin_LED_Red_Write
                0x000006b8       0x18 .\CortexM0\ARM_GCC_493\Debug\Design01.a(Pin_LED_Red.o)
                0x000006b8                Pin_LED_Red_Write
 .text.Pin_LED_Red_Read
                0x000006d0       0x10 .\CortexM0\ARM_GCC_493\Debug\Design01.a(Pin_LED_Red.o)
                0x000006d0                Pin_LED_Red_Read
 .text.Pin_LED_Green_Write
                0x000006e0       0x18 .\CortexM0\ARM_GCC_493\Debug\Design01.a(Pin_LED_Green.o)
                0x000006e0                Pin_LED_Green_Write
 .text.Pin_LED_Green_Read
                0x000006f8       0x10 .\CortexM0\ARM_GCC_493\Debug\Design01.a(Pin_LED_Green.o)
                0x000006f8                Pin_LED_Green_Read
 .text.__libc_init_array
                0x00000708       0x4c z:/program files (x86)/cypress/psoc creator/3.3/psoc creator/import/gnu/arm/4.9.3/bin/../lib/gcc/arm-none-eabi/4.9.3/../../../../arm-none-eabi/lib/armv6-m\libg_nano.a(lib_a-init.o)
                0x00000708                __libc_init_array
 .text.memset   0x00000754       0x10 z:/program files (x86)/cypress/psoc creator/3.3/psoc creator/import/gnu/arm/4.9.3/bin/../lib/gcc/arm-none-eabi/4.9.3/../../../../arm-none-eabi/lib/armv6-m\libg_nano.a(lib_a-memset.o)
                0x00000754                memset
 *(.plt)
 *(.gnu.warning)
 *(.glue_7t)
 .glue_7t       0x00000000        0x0 linker stubs
 *(.glue_7)
 .glue_7        0x00000000        0x0 linker stubs
 *(.vfp11_veneer)
 .vfp11_veneer  0x00000000        0x0 linker stubs
 *(.bootloader)
 *(.ARM.extab* .gnu.linkonce.armextab.*)
 *(.gcc_except_table)

.v4_bx          0x00000764        0x0
 .v4_bx         0x00000000        0x0 linker stubs

.iplt           0x00000764        0x0
 .iplt          0x00000000        0x0 z:/program files (x86)/cypress/psoc creator/3.3/psoc creator/import/gnu/arm/4.9.3/bin/../lib/gcc/arm-none-eabi/4.9.3/armv6-m/crtbegin.o

.eh_frame_hdr
 *(.eh_frame_hdr)

.eh_frame       0x00000764        0x4
 *(.eh_frame)
 .eh_frame      0x00000764        0x0 z:/program files (x86)/cypress/psoc creator/3.3/psoc creator/import/gnu/arm/4.9.3/bin/../lib/gcc/arm-none-eabi/4.9.3/armv6-m/crtbegin.o
 .eh_frame      0x00000764        0x4 z:/program files (x86)/cypress/psoc creator/3.3/psoc creator/import/gnu/arm/4.9.3/bin/../lib/gcc/arm-none-eabi/4.9.3/armv6-m/crtend.o
                0x00000768                PROVIDE (__exidx_start, .)

.ARM.exidx
 *(.ARM.exidx* .gnu.linkonce.armexidx.*)
                0x00000768                __exidx_end = .

.rodata         0x00000768       0x70
 *(.rodata .rodata.* .gnu.linkonce.r.*)
 .rodata        0x00000768        0xc .\CortexM0\ARM_GCC_493\Debug\Design01.a(cyfitter_cfg.o)
 .rodata        0x00000774       0x30 .\CortexM0\ARM_GCC_493\Debug\Design01.a(CyLib.o)
                0x00000774                cyImoFreqMhz2Reg
                0x000007a4                . = ALIGN (0x4)
 *(.init)
 .init          0x000007a4        0x4 z:/program files (x86)/cypress/psoc creator/3.3/psoc creator/import/gnu/arm/4.9.3/bin/../lib/gcc/arm-none-eabi/4.9.3/armv6-m/crti.o
                0x000007a4                _init
 .init          0x000007a8        0x8 z:/program files (x86)/cypress/psoc creator/3.3/psoc creator/import/gnu/arm/4.9.3/bin/../lib/gcc/arm-none-eabi/4.9.3/armv6-m/crtn.o
                0x000007b0                . = ALIGN (0x4)
                0x000007b0                __preinit_array_start = .
 *(.preinit_array)
                0x000007b0                __preinit_array_end = .
                0x000007b0                . = ALIGN (0x4)
                0x000007b0                __init_array_start = .
 *(SORT(.init_array.*))
 *(.init_array)
 .init_array    0x000007b0        0x4 z:/program files (x86)/cypress/psoc creator/3.3/psoc creator/import/gnu/arm/4.9.3/bin/../lib/gcc/arm-none-eabi/4.9.3/armv6-m/crtbegin.o
 .init_array    0x000007b4        0x4 .\CortexM0\ARM_GCC_493\Debug\Cm0Start.o
                0x000007b8                __init_array_end = .
                0x000007b8                . = ALIGN (0x4)
 *(.fini)
 .fini          0x000007b8        0x4 z:/program files (x86)/cypress/psoc creator/3.3/psoc creator/import/gnu/arm/4.9.3/bin/../lib/gcc/arm-none-eabi/4.9.3/armv6-m/crti.o
                0x000007b8                _fini
 .fini          0x000007bc        0x8 z:/program files (x86)/cypress/psoc creator/3.3/psoc creator/import/gnu/arm/4.9.3/bin/../lib/gcc/arm-none-eabi/4.9.3/armv6-m/crtn.o
                0x000007c4                . = ALIGN (0x4)
                0x000007c4                __fini_array_start = .
 *(.fini_array)
 .fini_array    0x000007c4        0x4 z:/program files (x86)/cypress/psoc creator/3.3/psoc creator/import/gnu/arm/4.9.3/bin/../lib/gcc/arm-none-eabi/4.9.3/armv6-m/crtbegin.o
 *(SORT(.fini_array.*))
                0x000007c8                __fini_array_end = .
                0x000007c8                . = ALIGN (0x4)
 *crtbegin.o(.ctors)
 *(EXCLUDE_FILE(*crtend.o) .ctors)
 *(SORT(.ctors.*))
 *crtend.o(.ctors)
                0x000007c8                . = ALIGN (0x4)
 *crtbegin.o(.dtors)
 *(EXCLUDE_FILE(*crtend.o) .dtors)
 *(SORT(.dtors.*))
 *crtend.o(.dtors)
                0x000007c8                . = ALIGN (0x4)
                0x000007c8                __cy_regions = .
                0x000007c8        0x4 LONG 0x7d8 __cy_region_init_ram
                0x000007cc        0x4 LONG 0x200000c8 __cy_region_start_data
                0x000007d0        0x4 LONG 0x20 __cy_region_init_size_ram
                0x000007d4        0x4 LONG 0x48 __cy_region_zero_size_ram
                0x000007d8                __cy_regions_end = .
                0x000007d8                . = ALIGN (0x8)
                0x000007d8                _etext = .

.cy_checksum_exclude
                0x000007d8        0x0
 *(.cy_checksum_exclude)

.ramvectors     0x20000000       0xc0
                0x20000000                __cy_region_start_ram = .
 *(.ramvectors)
 .ramvectors    0x20000000       0xc0 .\CortexM0\ARM_GCC_493\Debug\Cm0Start.o
                0x20000000                CyRamVectors

.noinit         0x200000c0        0x4
 *(.noinit)
 .noinit        0x200000c0        0x4 .\CortexM0\ARM_GCC_493\Debug\Cm0Start.o

.data           0x200000c8       0x20 load address 0x000007d8
                0x200000c8                __cy_region_start_data = .
 *(.jcr)
 .jcr           0x200000c8        0x0 z:/program files (x86)/cypress/psoc creator/3.3/psoc creator/import/gnu/arm/4.9.3/bin/../lib/gcc/arm-none-eabi/4.9.3/armv6-m/crtbegin.o
 .jcr           0x200000c8        0x4 z:/program files (x86)/cypress/psoc creator/3.3/psoc creator/import/gnu/arm/4.9.3/bin/../lib/gcc/arm-none-eabi/4.9.3/armv6-m/crtend.o
 *(.got.plt)
 *(.got)
 *(.shdata)
 *(.data .data.* .gnu.linkonce.d.*)
 .data          0x200000cc       0x10 .\CortexM0\ARM_GCC_493\Debug\Design01.a(CyLib.o)
                0x200000cc                cydelay32kMs
                0x200000d0                cydelayFreqKhz
                0x200000d4                cydelayFreqMhz
                0x200000d8                cydelayFreqHz
 .data          0x200000dc        0x8 .\CortexM0\ARM_GCC_493\Debug\Design01.a(CyLFClk.o)
                0x200000e8                . = ALIGN (0x8)
 *fill*         0x200000e4        0x4 
 *(.ram)
                0x200000e8                _edata = .

.igot.plt       0x200000e8        0x0 load address 0x000007f8
 .igot.plt      0x00000000        0x0 z:/program files (x86)/cypress/psoc creator/3.3/psoc creator/import/gnu/arm/4.9.3/bin/../lib/gcc/arm-none-eabi/4.9.3/armv6-m/crtbegin.o

.bss            0x200000e8       0x48 load address 0x000007f8
                0x200000e8                PROVIDE (__bss_start__, .)
 *(.shbss)
 *(.bss .bss.* .gnu.linkonce.b.*)
 .bss           0x200000e8       0x1c z:/program files (x86)/cypress/psoc creator/3.3/psoc creator/import/gnu/arm/4.9.3/bin/../lib/gcc/arm-none-eabi/4.9.3/armv6-m/crtbegin.o
 .bss           0x20000104       0x28 .\CortexM0\ARM_GCC_493\Debug\Design01.a(CyLFClk.o)
 *(COMMON)
                0x20000130                . = ALIGN (0x8)
 *fill*         0x2000012c        0x4 
 *(.ram.b)
                0x20000130                _end = .
                0x20000130                __end = .
                0x20000130                PROVIDE (end, .)
                0x20000130                PROVIDE (__bss_end__, .)
                0x000007d8                __cy_region_init_ram = LOADADDR (.data)
                0x00000020                __cy_region_init_size_ram = (_edata - ADDR (.data))
                0x00000048                __cy_region_zero_size_ram = (_end - _edata)

.heap           0x20000130       0x80 load address 0x000007f8
                0x20000130                . = _end
                0x200001b0                . = (. + 0x80)
 *fill*         0x20000130       0x80 
                0x200001b0                __cy_heap_limit = .

.stack          0x20003800      0x800
                0x20003800                __cy_stack_limit = .
                0x20004000                . = (. + 0x800)
 *fill*         0x20003800      0x800 
                0x00000001                ASSERT ((__cy_stack_limit >= __cy_heap_limit), region RAM overflowed with stack)
                0x00000000                cy_checksum_exclude_size = (CY_APPL_LOADABLE == 0x1)?SIZEOF (.cy_checksum_exclude):0x0
                0x00000001                ASSERT ((cy_checksum_exclude_size <= CY_CHECKSUM_EXCLUDE_SIZE), CY_BOOT: Section .cy_checksum_exclude size exceedes specified limit.)
                0x0001ffc0                cyloadermeta_start = (cy_project_type_bootloader || cy_project_type_app_for_stack_and_copier)?(0x20000 - CY_METADATA_SIZE):0xf0000000

.cyloadermeta
 *(.cyloadermeta)
                0x0001ffc0                cyloadablemeta_start = cy_project_type_app_for_stack_and_copier?((0x20000 - CY_FLASH_ROW_SIZE) - CY_METADATA_SIZE):((0x20000 - (CY_FLASH_ROW_SIZE * (CY_APPL_NUM - 0x1))) - CY_METADATA_SIZE)

.cyloadablemeta
 *(.cyloadablemeta)

.cyflashprotect
                0x90400000       0x80
 *(.cyflashprotect)
 .cyflashprotect
                0x90400000       0x80 .\CortexM0\ARM_GCC_493\Debug\cymetadata.o
                0x90400000                cy_meta_flashprotect

.cymeta         0x90500000        0xc
 *(.cymeta)
 .cymeta        0x90500000        0xc .\CortexM0\ARM_GCC_493\Debug\cymetadata.o
                0x90500000                cy_metadata

.cychipprotect  0x90600000        0x4
 *(.cychipprotect)
 .cychipprotect
                0x90600000        0x4 .\CortexM0\ARM_GCC_493\Debug\cymetadata.o
                0x90600000                cy_meta_chipprotect

.rel.dyn        0x000007f8        0x0 load address 0x90600004
 .rel.iplt      0x00000000        0x0 z:/program files (x86)/cypress/psoc creator/3.3/psoc creator/import/gnu/arm/4.9.3/bin/../lib/gcc/arm-none-eabi/4.9.3/armv6-m/crtbegin.o

.stab
 *(.stab)

.stabstr
 *(.stabstr)

.debug
 *(.debug)

.line
 *(.line)

.debug_srcinfo
 *(.debug_srcinfo)

.debug_sfnames
 *(.debug_sfnames)

.debug_aranges  0x00000000      0x4d8
 *(.debug_aranges)
 .debug_aranges
                0x00000000       0x20 .\CortexM0\ARM_GCC_493\Debug\main.o
 .debug_aranges
                0x00000020       0x18 .\CortexM0\ARM_GCC_493\Debug\cymetadata.o
 .debug_aranges
                0x00000038       0x48 .\CortexM0\ARM_GCC_493\Debug\Cm0Start.o
 .debug_aranges
                0x00000080       0x38 .\CortexM0\ARM_GCC_493\Debug\Design01.a(cyfitter_cfg.o)
 .debug_aranges
                0x000000b8       0x20 .\CortexM0\ARM_GCC_493\Debug\Design01.a(CyBootAsmGnu.o)
 .debug_aranges
                0x000000d8      0x1a0 .\CortexM0\ARM_GCC_493\Debug\Design01.a(CyLib.o)
 .debug_aranges
                0x00000278      0x188 .\CortexM0\ARM_GCC_493\Debug\Design01.a(CyLFClk.o)
 .debug_aranges
                0x00000400       0x48 .\CortexM0\ARM_GCC_493\Debug\Design01.a(Pin_LED_Blue.o)
 .debug_aranges
                0x00000448       0x48 .\CortexM0\ARM_GCC_493\Debug\Design01.a(Pin_LED_Red.o)
 .debug_aranges
                0x00000490       0x48 .\CortexM0\ARM_GCC_493\Debug\Design01.a(Pin_LED_Green.o)

.debug_pubnames
 *(.debug_pubnames)

.debug_info     0x00000000     0x2b90
 *(.debug_info .gnu.linkonce.wi.*)
 .debug_info    0x00000000      0x226 .\CortexM0\ARM_GCC_493\Debug\main.o
 .debug_info    0x00000226       0xfe .\CortexM0\ARM_GCC_493\Debug\cymetadata.o
 .debug_info    0x00000324      0x38c .\CortexM0\ARM_GCC_493\Debug\Cm0Start.o
 .debug_info    0x000006b0      0x36b .\CortexM0\ARM_GCC_493\Debug\Design01.a(cyfitter_cfg.o)
 .debug_info    0x00000a1b       0xa0 .\CortexM0\ARM_GCC_493\Debug\Design01.a(CyBootAsmGnu.o)
 .debug_info    0x00000abb      0xb8f .\CortexM0\ARM_GCC_493\Debug\Design01.a(CyLib.o)
 .debug_info    0x0000164a     0x106f .\CortexM0\ARM_GCC_493\Debug\Design01.a(CyLFClk.o)
 .debug_info    0x000026b9      0x19d .\CortexM0\ARM_GCC_493\Debug\Design01.a(Pin_LED_Blue.o)
 .debug_info    0x00002856      0x19d .\CortexM0\ARM_GCC_493\Debug\Design01.a(Pin_LED_Red.o)
 .debug_info    0x000029f3      0x19d .\CortexM0\ARM_GCC_493\Debug\Design01.a(Pin_LED_Green.o)

.debug_abbrev   0x00000000      0xbc7
 *(.debug_abbrev)
 .debug_abbrev  0x00000000       0xbe .\CortexM0\ARM_GCC_493\Debug\main.o
 .debug_abbrev  0x000000be       0x5d .\CortexM0\ARM_GCC_493\Debug\cymetadata.o
 .debug_abbrev  0x0000011b      0x1fe .\CortexM0\ARM_GCC_493\Debug\Cm0Start.o
 .debug_abbrev  0x00000319      0x1c2 .\CortexM0\ARM_GCC_493\Debug\Design01.a(cyfitter_cfg.o)
 .debug_abbrev  0x000004db       0x14 .\CortexM0\ARM_GCC_493\Debug\Design01.a(CyBootAsmGnu.o)
 .debug_abbrev  0x000004ef      0x20d .\CortexM0\ARM_GCC_493\Debug\Design01.a(CyLib.o)
 .debug_abbrev  0x000006fc      0x273 .\CortexM0\ARM_GCC_493\Debug\Design01.a(CyLFClk.o)
 .debug_abbrev  0x0000096f       0xc8 .\CortexM0\ARM_GCC_493\Debug\Design01.a(Pin_LED_Blue.o)
 .debug_abbrev  0x00000a37       0xc8 .\CortexM0\ARM_GCC_493\Debug\Design01.a(Pin_LED_Red.o)
 .debug_abbrev  0x00000aff       0xc8 .\CortexM0\ARM_GCC_493\Debug\Design01.a(Pin_LED_Green.o)

.debug_line     0x00000000     0x121b
 *(.debug_line)
 .debug_line    0x00000000       0xe9 .\CortexM0\ARM_GCC_493\Debug\main.o
 .debug_line    0x000000e9       0x53 .\CortexM0\ARM_GCC_493\Debug\cymetadata.o
 .debug_line    0x0000013c      0x249 .\CortexM0\ARM_GCC_493\Debug\Cm0Start.o
 .debug_line    0x00000385      0x15d .\CortexM0\ARM_GCC_493\Debug\Design01.a(cyfitter_cfg.o)
 .debug_line    0x000004e2       0x6a .\CortexM0\ARM_GCC_493\Debug\Design01.a(CyBootAsmGnu.o)
 .debug_line    0x0000054c      0x49f .\CortexM0\ARM_GCC_493\Debug\Design01.a(CyLib.o)
 .debug_line    0x000009eb      0x5de .\CortexM0\ARM_GCC_493\Debug\Design01.a(CyLFClk.o)
 .debug_line    0x00000fc9       0xc6 .\CortexM0\ARM_GCC_493\Debug\Design01.a(Pin_LED_Blue.o)
 .debug_line    0x0000108f       0xc5 .\CortexM0\ARM_GCC_493\Debug\Design01.a(Pin_LED_Red.o)
 .debug_line    0x00001154       0xc7 .\CortexM0\ARM_GCC_493\Debug\Design01.a(Pin_LED_Green.o)

.debug_frame    0x00000000      0xc44
 *(.debug_frame)
 .debug_frame   0x00000000       0x2c .\CortexM0\ARM_GCC_493\Debug\main.o
 .debug_frame   0x0000002c       0xb0 .\CortexM0\ARM_GCC_493\Debug\Cm0Start.o
 .debug_frame   0x000000dc       0x78 .\CortexM0\ARM_GCC_493\Debug\Design01.a(cyfitter_cfg.o)
 .debug_frame   0x00000154      0x424 .\CortexM0\ARM_GCC_493\Debug\Design01.a(CyLib.o)
 .debug_frame   0x00000578      0x4a8 .\CortexM0\ARM_GCC_493\Debug\Design01.a(CyLFClk.o)
 .debug_frame   0x00000a20       0x70 .\CortexM0\ARM_GCC_493\Debug\Design01.a(Pin_LED_Blue.o)
 .debug_frame   0x00000a90       0x70 .\CortexM0\ARM_GCC_493\Debug\Design01.a(Pin_LED_Red.o)
 .debug_frame   0x00000b00       0x70 .\CortexM0\ARM_GCC_493\Debug\Design01.a(Pin_LED_Green.o)
 .debug_frame   0x00000b70       0x20 z:/program files (x86)/cypress/psoc creator/3.3/psoc creator/import/gnu/arm/4.9.3/bin/../lib/gcc/arm-none-eabi/4.9.3/armv6-m\libgcc.a(_udivsi3.o)
 .debug_frame   0x00000b90       0x20 z:/program files (x86)/cypress/psoc creator/3.3/psoc creator/import/gnu/arm/4.9.3/bin/../lib/gcc/arm-none-eabi/4.9.3/armv6-m\libgcc.a(_divsi3.o)
 .debug_frame   0x00000bb0       0x20 z:/program files (x86)/cypress/psoc creator/3.3/psoc creator/import/gnu/arm/4.9.3/bin/../lib/gcc/arm-none-eabi/4.9.3/../../../../arm-none-eabi/lib/armv6-m\libg_nano.a(lib_a-errno.o)
 .debug_frame   0x00000bd0       0x28 z:/program files (x86)/cypress/psoc creator/3.3/psoc creator/import/gnu/arm/4.9.3/bin/../lib/gcc/arm-none-eabi/4.9.3/../../../../arm-none-eabi/lib/armv6-m\libg_nano.a(lib_a-exit.o)
 .debug_frame   0x00000bf8       0x2c z:/program files (x86)/cypress/psoc creator/3.3/psoc creator/import/gnu/arm/4.9.3/bin/../lib/gcc/arm-none-eabi/4.9.3/../../../../arm-none-eabi/lib/armv6-m\libg_nano.a(lib_a-init.o)
 .debug_frame   0x00000c24       0x20 z:/program files (x86)/cypress/psoc creator/3.3/psoc creator/import/gnu/arm/4.9.3/bin/../lib/gcc/arm-none-eabi/4.9.3/../../../../arm-none-eabi/lib/armv6-m\libg_nano.a(lib_a-memset.o)

.debug_str      0x00000000     0x123f
 *(.debug_str)
 .debug_str     0x00000000      0x1d6 .\CortexM0\ARM_GCC_493\Debug\main.o
                                0x20f (size before relaxing)
 .debug_str     0x000001d6       0x5b .\CortexM0\ARM_GCC_493\Debug\cymetadata.o
                                0x1de (size before relaxing)
 .debug_str     0x00000231      0x15c .\CortexM0\ARM_GCC_493\Debug\Cm0Start.o
                                0x305 (size before relaxing)
 .debug_str     0x0000038d      0x109 .\CortexM0\ARM_GCC_493\Debug\Design01.a(cyfitter_cfg.o)
                                0x2c7 (size before relaxing)
 .debug_str     0x00000496      0x4ca .\CortexM0\ARM_GCC_493\Debug\Design01.a(CyLib.o)
                                0x6f8 (size before relaxing)
 .debug_str     0x00000960      0x6fc .\CortexM0\ARM_GCC_493\Debug\Design01.a(CyLFClk.o)
                                0x93c (size before relaxing)
 .debug_str     0x0000105c       0xb9 .\CortexM0\ARM_GCC_493\Debug\Design01.a(Pin_LED_Blue.o)
                                0x277 (size before relaxing)
 .debug_str     0x00001115       0x90 .\CortexM0\ARM_GCC_493\Debug\Design01.a(Pin_LED_Red.o)
                                0x270 (size before relaxing)
 .debug_str     0x000011a5       0x9a .\CortexM0\ARM_GCC_493\Debug\Design01.a(Pin_LED_Green.o)
                                0x27e (size before relaxing)

.debug_loc      0x00000000     0x16d0
 *(.debug_loc)
 .debug_loc     0x00000000      0x14f .\CortexM0\ARM_GCC_493\Debug\Cm0Start.o
 .debug_loc     0x0000014f       0xa9 .\CortexM0\ARM_GCC_493\Debug\Design01.a(cyfitter_cfg.o)
 .debug_loc     0x000001f8      0x53e .\CortexM0\ARM_GCC_493\Debug\Design01.a(CyLib.o)
 .debug_loc     0x00000736      0xdb4 .\CortexM0\ARM_GCC_493\Debug\Design01.a(CyLFClk.o)
 .debug_loc     0x000014ea       0xa2 .\CortexM0\ARM_GCC_493\Debug\Design01.a(Pin_LED_Blue.o)
 .debug_loc     0x0000158c       0xa2 .\CortexM0\ARM_GCC_493\Debug\Design01.a(Pin_LED_Red.o)
 .debug_loc     0x0000162e       0xa2 .\CortexM0\ARM_GCC_493\Debug\Design01.a(Pin_LED_Green.o)

.debug_macinfo
 *(.debug_macinfo)

.debug_ranges   0x00000000      0x420
 *(.debug_ranges)
 .debug_ranges  0x00000000       0x10 .\CortexM0\ARM_GCC_493\Debug\main.o
 .debug_ranges  0x00000010       0x38 .\CortexM0\ARM_GCC_493\Debug\Cm0Start.o
 .debug_ranges  0x00000048       0x28 .\CortexM0\ARM_GCC_493\Debug\Design01.a(cyfitter_cfg.o)
 .debug_ranges  0x00000070      0x190 .\CortexM0\ARM_GCC_493\Debug\Design01.a(CyLib.o)
 .debug_ranges  0x00000200      0x178 .\CortexM0\ARM_GCC_493\Debug\Design01.a(CyLFClk.o)
 .debug_ranges  0x00000378       0x38 .\CortexM0\ARM_GCC_493\Debug\Design01.a(Pin_LED_Blue.o)
 .debug_ranges  0x000003b0       0x38 .\CortexM0\ARM_GCC_493\Debug\Design01.a(Pin_LED_Red.o)
 .debug_ranges  0x000003e8       0x38 .\CortexM0\ARM_GCC_493\Debug\Design01.a(Pin_LED_Green.o)

.comment        0x00000000       0x70
 .comment       0x00000000       0x70 .\CortexM0\ARM_GCC_493\Debug\main.o
                                 0x71 (size before relaxing)
 .comment       0x00000000       0x71 .\CortexM0\ARM_GCC_493\Debug\cymetadata.o
 .comment       0x00000000       0x71 .\CortexM0\ARM_GCC_493\Debug\Cm0Start.o
 .comment       0x00000000       0x71 .\CortexM0\ARM_GCC_493\Debug\Design01.a(cyfitter_cfg.o)
 .comment       0x00000000       0x71 .\CortexM0\ARM_GCC_493\Debug\Design01.a(CyLib.o)
 .comment       0x00000000       0x71 .\CortexM0\ARM_GCC_493\Debug\Design01.a(CyLFClk.o)
 .comment       0x00000000       0x71 .\CortexM0\ARM_GCC_493\Debug\Design01.a(Pin_LED_Blue.o)
 .comment       0x00000000       0x71 .\CortexM0\ARM_GCC_493\Debug\Design01.a(Pin_LED_Red.o)
 .comment       0x00000000       0x71 .\CortexM0\ARM_GCC_493\Debug\Design01.a(Pin_LED_Green.o)

.debug_weaknames
 *(.debug_weaknames)

.debug_funcnames
 *(.debug_funcnames)

.debug_typenames
 *(.debug_typenames)

.debug_varnames
 *(.debug_varnames)

.note.gnu.arm.ident
 *(.note.gnu.arm.ident)

.ARM.attributes
                0x00000000       0x28
 *(.ARM.attributes)
 .ARM.attributes
                0x00000000       0x1e z:/program files (x86)/cypress/psoc creator/3.3/psoc creator/import/gnu/arm/4.9.3/bin/../lib/gcc/arm-none-eabi/4.9.3/armv6-m/crti.o
 .ARM.attributes
                0x0000001e       0x2c z:/program files (x86)/cypress/psoc creator/3.3/psoc creator/import/gnu/arm/4.9.3/bin/../lib/gcc/arm-none-eabi/4.9.3/armv6-m/crtbegin.o
 .ARM.attributes
                0x0000004a       0x1b z:/program files (x86)/cypress/psoc creator/3.3/psoc creator/import/gnu/arm/4.9.3/bin/../lib/gcc/arm-none-eabi/4.9.3/../../../../arm-none-eabi/lib/armv6-m/crt0.o
 .ARM.attributes
                0x00000065       0x31 .\CortexM0\ARM_GCC_493\Debug\main.o
 .ARM.attributes
                0x00000096       0x31 .\CortexM0\ARM_GCC_493\Debug\cymetadata.o
 .ARM.attributes
                0x000000c7       0x31 .\CortexM0\ARM_GCC_493\Debug\Cm0Start.o
 .ARM.attributes
                0x000000f8       0x31 .\CortexM0\ARM_GCC_493\Debug\Design01.a(cyfitter_cfg.o)
 .ARM.attributes
                0x00000129       0x21 .\CortexM0\ARM_GCC_493\Debug\Design01.a(CyBootAsmGnu.o)
 .ARM.attributes
                0x0000014a       0x31 .\CortexM0\ARM_GCC_493\Debug\Design01.a(CyLib.o)
 .ARM.attributes
                0x0000017b       0x31 .\CortexM0\ARM_GCC_493\Debug\Design01.a(CyLFClk.o)
 .ARM.attributes
                0x000001ac       0x31 .\CortexM0\ARM_GCC_493\Debug\Design01.a(Pin_LED_Blue.o)
 .ARM.attributes
                0x000001dd       0x31 .\CortexM0\ARM_GCC_493\Debug\Design01.a(Pin_LED_Red.o)
 .ARM.attributes
                0x0000020e       0x31 .\CortexM0\ARM_GCC_493\Debug\Design01.a(Pin_LED_Green.o)
 .ARM.attributes
                0x0000023f       0x1e z:/program files (x86)/cypress/psoc creator/3.3/psoc creator/import/gnu/arm/4.9.3/bin/../lib/gcc/arm-none-eabi/4.9.3/armv6-m\libgcc.a(_udivsi3.o)
 .ARM.attributes
                0x0000025d       0x1e z:/program files (x86)/cypress/psoc creator/3.3/psoc creator/import/gnu/arm/4.9.3/bin/../lib/gcc/arm-none-eabi/4.9.3/armv6-m\libgcc.a(_divsi3.o)
 .ARM.attributes
                0x0000027b       0x1e z:/program files (x86)/cypress/psoc creator/3.3/psoc creator/import/gnu/arm/4.9.3/bin/../lib/gcc/arm-none-eabi/4.9.3/armv6-m\libgcc.a(_dvmd_tls.o)
 .ARM.attributes
                0x00000299       0x2c z:/program files (x86)/cypress/psoc creator/3.3/psoc creator/import/gnu/arm/4.9.3/bin/../lib/gcc/arm-none-eabi/4.9.3/../../../../arm-none-eabi/lib/armv6-m\libg_nano.a(lib_a-errno.o)
 .ARM.attributes
                0x000002c5       0x2c z:/program files (x86)/cypress/psoc creator/3.3/psoc creator/import/gnu/arm/4.9.3/bin/../lib/gcc/arm-none-eabi/4.9.3/../../../../arm-none-eabi/lib/armv6-m\libg_nano.a(lib_a-exit.o)
 .ARM.attributes
                0x000002f1       0x2c z:/program files (x86)/cypress/psoc creator/3.3/psoc creator/import/gnu/arm/4.9.3/bin/../lib/gcc/arm-none-eabi/4.9.3/../../../../arm-none-eabi/lib/armv6-m\libg_nano.a(lib_a-impure.o)
 .ARM.attributes
                0x0000031d       0x2c z:/program files (x86)/cypress/psoc creator/3.3/psoc creator/import/gnu/arm/4.9.3/bin/../lib/gcc/arm-none-eabi/4.9.3/../../../../arm-none-eabi/lib/armv6-m\libg_nano.a(lib_a-init.o)
 .ARM.attributes
                0x00000349       0x2c z:/program files (x86)/cypress/psoc creator/3.3/psoc creator/import/gnu/arm/4.9.3/bin/../lib/gcc/arm-none-eabi/4.9.3/../../../../arm-none-eabi/lib/armv6-m\libg_nano.a(lib_a-memset.o)
 .ARM.attributes
                0x00000375       0x2c z:/program files (x86)/cypress/psoc creator/3.3/psoc creator/import/gnu/arm/4.9.3/bin/../lib/gcc/arm-none-eabi/4.9.3/armv6-m/crtend.o
 .ARM.attributes
                0x000003a1       0x1e z:/program files (x86)/cypress/psoc creator/3.3/psoc creator/import/gnu/arm/4.9.3/bin/../lib/gcc/arm-none-eabi/4.9.3/armv6-m/crtn.o

/DISCARD/
 *(.note.GNU-stack)
OUTPUT(.\CortexM0\ARM_GCC_493\Debug\Design01.elf elf32-littlearm)
